[www.studiovanadium.com/index.html]
[backblue.gif]
[fade.gif]
[index.html]
[framerusercontent.com/images/LcggOxwvSnu2fFB3UqB2N45bOUI.png]
[framerusercontent.com/images/gctsSrLVNfCFJLuLzhOnjj72kOI.png]
[framerusercontent.com/images/wQiPvBP1nLzXZNWdWHcWcOaCOrU.gif]
[framerusercontent.com/images/KVCl5aOJ6v1SGqIYUqzI0uy3xw.jpg]
[framerusercontent.com/images/hTM8Ua60kel4i0FV0qnxrdZWPc.jpg]
[framerusercontent.com/images/TAOKTRcwojbUdmlLIESXw4qpLuw.png]
[framerusercontent.com/images/abP4uDEcRoN0kCxMD0H7GLWs9w.png]
[framerusercontent.com/images/rMnp6SQgPKkZ4YAxlrZhIR8c4g.png]
[framerusercontent.com/images/vF7FBOfXfh7HffMi5orVBJZS0Kc.png]
[framerusercontent.com/images/8zff8AuZRPV3H0YQAE2OKzpHs5E.png]
[framerusercontent.com/images/TRqf4MF5FeMHV7xmGym94eoj7Q.png]
[framerusercontent.com/images/T12OTtHPb54NblVgh1FVoJi2eU.png]
[framerusercontent.com/images/V9fd1D4PGW8VuCg2t3cuQRZ2wM.png]
[framerusercontent.com/images/rDWhFqnnKPzXLXRRYddLqNdFhY.png]
[framerusercontent.com/images/3cSHbtwfT4o2qmhnGofpVJ3aAKo.png]
[framerusercontent.com/images/xfXEGdaV4uO3CJWMjgJvhq2cLg.png]
[framerusercontent.com/images/cxWodNk8NATVleyLRxes5TI5XKk.png]
[framerusercontent.com/images/Gqy791VP2nYMGZ8hepcQXE5c.png]
[framerusercontent.com/images/mbXlkps6SiIIDbON76LTfWPdvdA.png]
[framerusercontent.com/images/GeLmXL1oh8faw3AWNQJaqlLUyWg.png]
[framerusercontent.com/images/drjRg84rpjxCErCSUTBisYE8Pxk.png]
[framerusercontent.com/images/4XZa6cu9C0va0alY04MnxgEBI.png]
[framerusercontent.com/images/p6KzY9bXy60MLZTXYBSjccdbm0g.png]
[framerusercontent.com/images/mB1dVTAH2AyEJybQ1AWnATWDxZQ.png]
[framerusercontent.com/images/YeTNSuTyCSiQ0YhNtIzSjBLuCAQ.png]
[framerusercontent.com/images/sXMo0Ifpao56Z1ForXfJZPTuQM.png]
[framerusercontent.com/images/nW7DKSBWtxjaveyvKWhyMlmKM0.png]
[framerusercontent.com/images/dHpKsis5uPWRhXtRmis7GEhc.png]
[framerusercontent.com/images/CqWfc6odKDKl00O9x8GJjVeuslQ.png]
[framerusercontent.com/images/MPkP7iGn3XWyEXkdPES315C3w.png]
[framerusercontent.com/images/9pO3UOjw2woNCiBfLu9I6dJCag.png]
[framerusercontent.com/images/muM8EfGmpN35f8gHYzro8quED5g.png]
[framerusercontent.com/images/2OFma8wMHKg52ouF3jr9otj9Z60.gif]
[framerusercontent.com/images/tFXFOVBk1QlxYsVjkiEMHop3uY.gif]
[framerusercontent.com/images/nh0J10U57Qj4dMhboPPGiK09Ow.gif]
[framerusercontent.com/images/2iE0D87yBQ4QcO86uXzgglUnyCY.gif]
[framerusercontent.com/images/APNF5EWxGvkUN6VrH5S4yE9ius.png]
[framerusercontent.com/images/IJHtrcD6yJK2NrIsUKDi07FvkY.png]
[framerusercontent.com/images/fHBSnTzyGF8EdZATqxeWUeguBw.png]
[framerusercontent.com/images/wdzGrd67NE1fLM7DJpujZMO37T0.png]
[framerusercontent.com/images/vVlYtwqXFjCvxgd2uk4oq1lGo8s.png]
[framerusercontent.com/images/ZosASGsA3yg2kOkrJ6ce4lZdbI.png]
[framerusercontent.com/images/42fB29ZQNHAWNZIQhfiYFghtvcM.png]
[framerusercontent.com/images/mTncYlUGbnGJ3nv43yTPIOp2do.gif]
[www.studiovanadium.com/index.html]
[www.googletagmanager.com/gtm5445.html]
